// Vitest Snapshot v1

exports[`then 1`] = `"default"`;
